1K   sin C1       0.333 ms  sd    0.093
1K   sin C2       0.224 ms  sd    0.016
1K   sin C3       0.383 ms  sd    0.030
1K   sin C4       0.213 ms  sd    0.017
1K   sin C5       0.156 ms  sd    0.012
1K   con C1       0.314 ms  sd    0.070
1K   con C2       0.246 ms  sd    0.022
1K   con C3       0.380 ms  sd    0.029
1K   con C4       0.203 ms  sd    0.013
1K   con C5       0.130 ms  sd    0.018
10K  sin C1       1.246 ms  sd    0.093
10K  sin C2       1.013 ms  sd    0.028
10K  sin C3       3.287 ms  sd    0.798
10K  sin C4       0.646 ms  sd    0.055
10K  sin C5       5.352 ms  sd    0.044
10K  con C1       0.896 ms  sd    0.106
10K  con C2       1.067 ms  sd    0.066
10K  con C3       2.919 ms  sd    0.035
10K  con C4       0.632 ms  sd    0.020
10K  con C5       0.441 ms  sd    0.031
100K sin C1      10.060 ms  sd    0.638
100K sin C2       8.059 ms  sd    0.061
100K sin C3      31.347 ms  sd    2.035
100K sin C4       3.842 ms  sd    0.057
100K sin C5     829.404 ms  sd  475.354
100K con C1       5.958 ms  sd    0.147
100K con C2       8.099 ms  sd    0.042
100K con C3      30.141 ms  sd    0.321
100K con C4       3.853 ms  sd    0.147
100K con C5       3.041 ms  sd    0.122
1M   sin C1     125.057 ms  sd    7.800
1M   sin C2      90.519 ms  sd    2.853
1M   sin C3     341.578 ms  sd    5.310
1M   sin C4      27.696 ms  sd    0.302
1M   sin C5   29486.271 ms  sd  292.838
1M   con C1      52.089 ms  sd    0.985
1M   con C2     113.222 ms  sd    1.657
1M   con C3     340.858 ms  sd    6.035
1M   con C4      27.291 ms  sd    0.404
1M   con C5      28.742 ms  sd    0.614
tipos C1 B+ tree con INCLUDE (propuesto)        52.712 ms  indice  30336.0 KB  build 0.42 s
tipos C1 B+ tree simple                         55.798 ms  indice  12488.0 KB  build 0.33 s
tipos C1 BRIN (32 paginas por rango)            57.168 ms  indice     24.0 KB  build 0.09 s
tipos C1 Sin indice sobre fecha_hora           122.473 ms  indice      0.0 KB  build 0.00 s
tipos C5 B+ tree compuesto (zona, fecha)        29.172 ms  indice   3720.0 KB  build 0.09 s
tipos C5 Hash sobre id_parcela                2035.943 ms  indice   5232.0 KB  build 0.12 s
tipos C5 B+ tree sobre fecha_hora_inicio       324.880 ms  indice   2568.0 KB  build 0.06 s
